// Jest Snapshot v1, https://goo.gl/fbAQLP

exports[`RecurringExpenseTable should render without crashing 1`] = `
ShallowWrapper {
  "length": 1,
  Symbol(enzyme.__root__): [Circular],
  Symbol(enzyme.__unrendered__): <RecurringExpenseTable
    deleteRecurringExpense={[MockFunction]}
    recurringExpenses={
      Object {
        "one": Object {
          "amount": 200,
          "frequency": 2,
          "id": 987656789,
          "interval": "days",
          "name": "ya!",
          "startDate": 987628949876,
        },
        "two": Object {
          "amount": 200,
          "frequency": 1,
          "id": 9876556789,
          "interval": "weeks",
          "name": "check this out",
          "startDate": 9852384982345,
        },
      }
    }
  />,
  Symbol(enzyme.__renderer__): Object {
    "batchedUpdates": [Function],
    "getNode": [Function],
    "render": [Function],
    "simulateEvent": [Function],
    "unmount": [Function],
  },
  Symbol(enzyme.__node__): Object {
    "instance": null,
    "key": undefined,
    "nodeType": "host",
    "props": Object {
      "children": Array [
        <styled.h3>
          Recurring Income/Expenses:
        </styled.h3>,
        <styled.ul>
          <li>
            <div
              className="left"
            >
              <p
                className="title"
              >
                ya! ($200)
              </p>
              <p
                className="subtitle"
              >
                every 2 days starting on April 18, 2001
              </p>
            </div>
            <div
              className="right"
            >
              <Tooltip
                arrowPointAtCenter={false}
                autoAdjustOverflow={true}
                data-test="delete"
                mouseEnterDelay={0.1}
                mouseLeaveDelay={0.1}
                onClick={[Function]}
                placement="left"
                prefixCls="ant-tooltip"
                title="delete recurring income/expense"
                transitionName="zoom-big-fast"
              >
                <span>
                  x
                </span>
              </Tooltip>
            </div>
          </li>
          <li>
            <div
              className="left"
            >
              <p
                className="title"
              >
                check this out ($200)
              </p>
              <p
                className="subtitle"
              >
                every 1 weeks starting on March 18, 2282
              </p>
            </div>
            <div
              className="right"
            >
              <Tooltip
                arrowPointAtCenter={false}
                autoAdjustOverflow={true}
                data-test="delete"
                mouseEnterDelay={0.1}
                mouseLeaveDelay={0.1}
                onClick={[Function]}
                placement="left"
                prefixCls="ant-tooltip"
                title="delete recurring income/expense"
                transitionName="zoom-big-fast"
              >
                <span>
                  x
                </span>
              </Tooltip>
            </div>
          </li>
        </styled.ul>,
      ],
    },
    "ref": null,
    "rendered": Array [
      Object {
        "instance": null,
        "key": undefined,
        "nodeType": "class",
        "props": Object {
          "children": "Recurring Income/Expenses:",
        },
        "ref": null,
        "rendered": "Recurring Income/Expenses:",
        "type": [Function],
      },
      Object {
        "instance": null,
        "key": undefined,
        "nodeType": "class",
        "props": Object {
          "children": Array [
            <li>
              <div
                className="left"
              >
                <p
                  className="title"
                >
                  ya! ($200)
                </p>
                <p
                  className="subtitle"
                >
                  every 2 days starting on April 18, 2001
                </p>
              </div>
              <div
                className="right"
              >
                <Tooltip
                  arrowPointAtCenter={false}
                  autoAdjustOverflow={true}
                  data-test="delete"
                  mouseEnterDelay={0.1}
                  mouseLeaveDelay={0.1}
                  onClick={[Function]}
                  placement="left"
                  prefixCls="ant-tooltip"
                  title="delete recurring income/expense"
                  transitionName="zoom-big-fast"
                >
                  <span>
                    x
                  </span>
                </Tooltip>
              </div>
            </li>,
            <li>
              <div
                className="left"
              >
                <p
                  className="title"
                >
                  check this out ($200)
                </p>
                <p
                  className="subtitle"
                >
                  every 1 weeks starting on March 18, 2282
                </p>
              </div>
              <div
                className="right"
              >
                <Tooltip
                  arrowPointAtCenter={false}
                  autoAdjustOverflow={true}
                  data-test="delete"
                  mouseEnterDelay={0.1}
                  mouseLeaveDelay={0.1}
                  onClick={[Function]}
                  placement="left"
                  prefixCls="ant-tooltip"
                  title="delete recurring income/expense"
                  transitionName="zoom-big-fast"
                >
                  <span>
                    x
                  </span>
                </Tooltip>
              </div>
            </li>,
          ],
        },
        "ref": null,
        "rendered": Array [
          Object {
            "instance": null,
            "key": "987656789",
            "nodeType": "host",
            "props": Object {
              "children": Array [
                <div
                  className="left"
                >
                  <p
                    className="title"
                  >
                    ya! ($200)
                  </p>
                  <p
                    className="subtitle"
                  >
                    every 2 days starting on April 18, 2001
                  </p>
                </div>,
                <div
                  className="right"
                >
                  <Tooltip
                    arrowPointAtCenter={false}
                    autoAdjustOverflow={true}
                    data-test="delete"
                    mouseEnterDelay={0.1}
                    mouseLeaveDelay={0.1}
                    onClick={[Function]}
                    placement="left"
                    prefixCls="ant-tooltip"
                    title="delete recurring income/expense"
                    transitionName="zoom-big-fast"
                  >
                    <span>
                      x
                    </span>
                  </Tooltip>
                </div>,
              ],
            },
            "ref": null,
            "rendered": Array [
              Object {
                "instance": null,
                "key": undefined,
                "nodeType": "host",
                "props": Object {
                  "children": Array [
                    <p
                      className="title"
                    >
                      ya! ($200)
                    </p>,
                    <p
                      className="subtitle"
                    >
                      every 2 days starting on April 18, 2001
                    </p>,
                  ],
                  "className": "left",
                },
                "ref": null,
                "rendered": Array [
                  Object {
                    "instance": null,
                    "key": undefined,
                    "nodeType": "host",
                    "props": Object {
                      "children": "ya! ($200)",
                      "className": "title",
                    },
                    "ref": null,
                    "rendered": "ya! ($200)",
                    "type": "p",
                  },
                  Object {
                    "instance": null,
                    "key": undefined,
                    "nodeType": "host",
                    "props": Object {
                      "children": "every 2 days starting on April 18, 2001",
                      "className": "subtitle",
                    },
                    "ref": null,
                    "rendered": "every 2 days starting on April 18, 2001",
                    "type": "p",
                  },
                ],
                "type": "div",
              },
              Object {
                "instance": null,
                "key": undefined,
                "nodeType": "host",
                "props": Object {
                  "children": <Tooltip
                    arrowPointAtCenter={false}
                    autoAdjustOverflow={true}
                    data-test="delete"
                    mouseEnterDelay={0.1}
                    mouseLeaveDelay={0.1}
                    onClick={[Function]}
                    placement="left"
                    prefixCls="ant-tooltip"
                    title="delete recurring income/expense"
                    transitionName="zoom-big-fast"
                  >
                    <span>
                      x
                    </span>
                  </Tooltip>,
                  "className": "right",
                },
                "ref": null,
                "rendered": Object {
                  "instance": null,
                  "key": undefined,
                  "nodeType": "class",
                  "props": Object {
                    "arrowPointAtCenter": false,
                    "autoAdjustOverflow": true,
                    "children": <span>
                      x
                    </span>,
                    "data-test": "delete",
                    "mouseEnterDelay": 0.1,
                    "mouseLeaveDelay": 0.1,
                    "onClick": [Function],
                    "placement": "left",
                    "prefixCls": "ant-tooltip",
                    "title": "delete recurring income/expense",
                    "transitionName": "zoom-big-fast",
                  },
                  "ref": null,
                  "rendered": Object {
                    "instance": null,
                    "key": undefined,
                    "nodeType": "host",
                    "props": Object {
                      "children": "x",
                    },
                    "ref": null,
                    "rendered": "x",
                    "type": "span",
                  },
                  "type": [Function],
                },
                "type": "div",
              },
            ],
            "type": "li",
          },
          Object {
            "instance": null,
            "key": "9876556789",
            "nodeType": "host",
            "props": Object {
              "children": Array [
                <div
                  className="left"
                >
                  <p
                    className="title"
                  >
                    check this out ($200)
                  </p>
                  <p
                    className="subtitle"
                  >
                    every 1 weeks starting on March 18, 2282
                  </p>
                </div>,
                <div
                  className="right"
                >
                  <Tooltip
                    arrowPointAtCenter={false}
                    autoAdjustOverflow={true}
                    data-test="delete"
                    mouseEnterDelay={0.1}
                    mouseLeaveDelay={0.1}
                    onClick={[Function]}
                    placement="left"
                    prefixCls="ant-tooltip"
                    title="delete recurring income/expense"
                    transitionName="zoom-big-fast"
                  >
                    <span>
                      x
                    </span>
                  </Tooltip>
                </div>,
              ],
            },
            "ref": null,
            "rendered": Array [
              Object {
                "instance": null,
                "key": undefined,
                "nodeType": "host",
                "props": Object {
                  "children": Array [
                    <p
                      className="title"
                    >
                      check this out ($200)
                    </p>,
                    <p
                      className="subtitle"
                    >
                      every 1 weeks starting on March 18, 2282
                    </p>,
                  ],
                  "className": "left",
                },
                "ref": null,
                "rendered": Array [
                  Object {
                    "instance": null,
                    "key": undefined,
                    "nodeType": "host",
                    "props": Object {
                      "children": "check this out ($200)",
                      "className": "title",
                    },
                    "ref": null,
                    "rendered": "check this out ($200)",
                    "type": "p",
                  },
                  Object {
                    "instance": null,
                    "key": undefined,
                    "nodeType": "host",
                    "props": Object {
                      "children": "every 1 weeks starting on March 18, 2282",
                      "className": "subtitle",
                    },
                    "ref": null,
                    "rendered": "every 1 weeks starting on March 18, 2282",
                    "type": "p",
                  },
                ],
                "type": "div",
              },
              Object {
                "instance": null,
                "key": undefined,
                "nodeType": "host",
                "props": Object {
                  "children": <Tooltip
                    arrowPointAtCenter={false}
                    autoAdjustOverflow={true}
                    data-test="delete"
                    mouseEnterDelay={0.1}
                    mouseLeaveDelay={0.1}
                    onClick={[Function]}
                    placement="left"
                    prefixCls="ant-tooltip"
                    title="delete recurring income/expense"
                    transitionName="zoom-big-fast"
                  >
                    <span>
                      x
                    </span>
                  </Tooltip>,
                  "className": "right",
                },
                "ref": null,
                "rendered": Object {
                  "instance": null,
                  "key": undefined,
                  "nodeType": "class",
                  "props": Object {
                    "arrowPointAtCenter": false,
                    "autoAdjustOverflow": true,
                    "children": <span>
                      x
                    </span>,
                    "data-test": "delete",
                    "mouseEnterDelay": 0.1,
                    "mouseLeaveDelay": 0.1,
                    "onClick": [Function],
                    "placement": "left",
                    "prefixCls": "ant-tooltip",
                    "title": "delete recurring income/expense",
                    "transitionName": "zoom-big-fast",
                  },
                  "ref": null,
                  "rendered": Object {
                    "instance": null,
                    "key": undefined,
                    "nodeType": "host",
                    "props": Object {
                      "children": "x",
                    },
                    "ref": null,
                    "rendered": "x",
                    "type": "span",
                  },
                  "type": [Function],
                },
                "type": "div",
              },
            ],
            "type": "li",
          },
        ],
        "type": [Function],
      },
    ],
    "type": "div",
  },
  Symbol(enzyme.__nodes__): Array [
    Object {
      "instance": null,
      "key": undefined,
      "nodeType": "host",
      "props": Object {
        "children": Array [
          <styled.h3>
            Recurring Income/Expenses:
          </styled.h3>,
          <styled.ul>
            <li>
              <div
                className="left"
              >
                <p
                  className="title"
                >
                  ya! ($200)
                </p>
                <p
                  className="subtitle"
                >
                  every 2 days starting on April 18, 2001
                </p>
              </div>
              <div
                className="right"
              >
                <Tooltip
                  arrowPointAtCenter={false}
                  autoAdjustOverflow={true}
                  data-test="delete"
                  mouseEnterDelay={0.1}
                  mouseLeaveDelay={0.1}
                  onClick={[Function]}
                  placement="left"
                  prefixCls="ant-tooltip"
                  title="delete recurring income/expense"
                  transitionName="zoom-big-fast"
                >
                  <span>
                    x
                  </span>
                </Tooltip>
              </div>
            </li>
            <li>
              <div
                className="left"
              >
                <p
                  className="title"
                >
                  check this out ($200)
                </p>
                <p
                  className="subtitle"
                >
                  every 1 weeks starting on March 18, 2282
                </p>
              </div>
              <div
                className="right"
              >
                <Tooltip
                  arrowPointAtCenter={false}
                  autoAdjustOverflow={true}
                  data-test="delete"
                  mouseEnterDelay={0.1}
                  mouseLeaveDelay={0.1}
                  onClick={[Function]}
                  placement="left"
                  prefixCls="ant-tooltip"
                  title="delete recurring income/expense"
                  transitionName="zoom-big-fast"
                >
                  <span>
                    x
                  </span>
                </Tooltip>
              </div>
            </li>
          </styled.ul>,
        ],
      },
      "ref": null,
      "rendered": Array [
        Object {
          "instance": null,
          "key": undefined,
          "nodeType": "class",
          "props": Object {
            "children": "Recurring Income/Expenses:",
          },
          "ref": null,
          "rendered": "Recurring Income/Expenses:",
          "type": [Function],
        },
        Object {
          "instance": null,
          "key": undefined,
          "nodeType": "class",
          "props": Object {
            "children": Array [
              <li>
                <div
                  className="left"
                >
                  <p
                    className="title"
                  >
                    ya! ($200)
                  </p>
                  <p
                    className="subtitle"
                  >
                    every 2 days starting on April 18, 2001
                  </p>
                </div>
                <div
                  className="right"
                >
                  <Tooltip
                    arrowPointAtCenter={false}
                    autoAdjustOverflow={true}
                    data-test="delete"
                    mouseEnterDelay={0.1}
                    mouseLeaveDelay={0.1}
                    onClick={[Function]}
                    placement="left"
                    prefixCls="ant-tooltip"
                    title="delete recurring income/expense"
                    transitionName="zoom-big-fast"
                  >
                    <span>
                      x
                    </span>
                  </Tooltip>
                </div>
              </li>,
              <li>
                <div
                  className="left"
                >
                  <p
                    className="title"
                  >
                    check this out ($200)
                  </p>
                  <p
                    className="subtitle"
                  >
                    every 1 weeks starting on March 18, 2282
                  </p>
                </div>
                <div
                  className="right"
                >
                  <Tooltip
                    arrowPointAtCenter={false}
                    autoAdjustOverflow={true}
                    data-test="delete"
                    mouseEnterDelay={0.1}
                    mouseLeaveDelay={0.1}
                    onClick={[Function]}
                    placement="left"
                    prefixCls="ant-tooltip"
                    title="delete recurring income/expense"
                    transitionName="zoom-big-fast"
                  >
                    <span>
                      x
                    </span>
                  </Tooltip>
                </div>
              </li>,
            ],
          },
          "ref": null,
          "rendered": Array [
            Object {
              "instance": null,
              "key": "987656789",
              "nodeType": "host",
              "props": Object {
                "children": Array [
                  <div
                    className="left"
                  >
                    <p
                      className="title"
                    >
                      ya! ($200)
                    </p>
                    <p
                      className="subtitle"
                    >
                      every 2 days starting on April 18, 2001
                    </p>
                  </div>,
                  <div
                    className="right"
                  >
                    <Tooltip
                      arrowPointAtCenter={false}
                      autoAdjustOverflow={true}
                      data-test="delete"
                      mouseEnterDelay={0.1}
                      mouseLeaveDelay={0.1}
                      onClick={[Function]}
                      placement="left"
                      prefixCls="ant-tooltip"
                      title="delete recurring income/expense"
                      transitionName="zoom-big-fast"
                    >
                      <span>
                        x
                      </span>
                    </Tooltip>
                  </div>,
                ],
              },
              "ref": null,
              "rendered": Array [
                Object {
                  "instance": null,
                  "key": undefined,
                  "nodeType": "host",
                  "props": Object {
                    "children": Array [
                      <p
                        className="title"
                      >
                        ya! ($200)
                      </p>,
                      <p
                        className="subtitle"
                      >
                        every 2 days starting on April 18, 2001
                      </p>,
                    ],
                    "className": "left",
                  },
                  "ref": null,
                  "rendered": Array [
                    Object {
                      "instance": null,
                      "key": undefined,
                      "nodeType": "host",
                      "props": Object {
                        "children": "ya! ($200)",
                        "className": "title",
                      },
                      "ref": null,
                      "rendered": "ya! ($200)",
                      "type": "p",
                    },
                    Object {
                      "instance": null,
                      "key": undefined,
                      "nodeType": "host",
                      "props": Object {
                        "children": "every 2 days starting on April 18, 2001",
                        "className": "subtitle",
                      },
                      "ref": null,
                      "rendered": "every 2 days starting on April 18, 2001",
                      "type": "p",
                    },
                  ],
                  "type": "div",
                },
                Object {
                  "instance": null,
                  "key": undefined,
                  "nodeType": "host",
                  "props": Object {
                    "children": <Tooltip
                      arrowPointAtCenter={false}
                      autoAdjustOverflow={true}
                      data-test="delete"
                      mouseEnterDelay={0.1}
                      mouseLeaveDelay={0.1}
                      onClick={[Function]}
                      placement="left"
                      prefixCls="ant-tooltip"
                      title="delete recurring income/expense"
                      transitionName="zoom-big-fast"
                    >
                      <span>
                        x
                      </span>
                    </Tooltip>,
                    "className": "right",
                  },
                  "ref": null,
                  "rendered": Object {
                    "instance": null,
                    "key": undefined,
                    "nodeType": "class",
                    "props": Object {
                      "arrowPointAtCenter": false,
                      "autoAdjustOverflow": true,
                      "children": <span>
                        x
                      </span>,
                      "data-test": "delete",
                      "mouseEnterDelay": 0.1,
                      "mouseLeaveDelay": 0.1,
                      "onClick": [Function],
                      "placement": "left",
                      "prefixCls": "ant-tooltip",
                      "title": "delete recurring income/expense",
                      "transitionName": "zoom-big-fast",
                    },
                    "ref": null,
                    "rendered": Object {
                      "instance": null,
                      "key": undefined,
                      "nodeType": "host",
                      "props": Object {
                        "children": "x",
                      },
                      "ref": null,
                      "rendered": "x",
                      "type": "span",
                    },
                    "type": [Function],
                  },
                  "type": "div",
                },
              ],
              "type": "li",
            },
            Object {
              "instance": null,
              "key": "9876556789",
              "nodeType": "host",
              "props": Object {
                "children": Array [
                  <div
                    className="left"
                  >
                    <p
                      className="title"
                    >
                      check this out ($200)
                    </p>
                    <p
                      className="subtitle"
                    >
                      every 1 weeks starting on March 18, 2282
                    </p>
                  </div>,
                  <div
                    className="right"
                  >
                    <Tooltip
                      arrowPointAtCenter={false}
                      autoAdjustOverflow={true}
                      data-test="delete"
                      mouseEnterDelay={0.1}
                      mouseLeaveDelay={0.1}
                      onClick={[Function]}
                      placement="left"
                      prefixCls="ant-tooltip"
                      title="delete recurring income/expense"
                      transitionName="zoom-big-fast"
                    >
                      <span>
                        x
                      </span>
                    </Tooltip>
                  </div>,
                ],
              },
              "ref": null,
              "rendered": Array [
                Object {
                  "instance": null,
                  "key": undefined,
                  "nodeType": "host",
                  "props": Object {
                    "children": Array [
                      <p
                        className="title"
                      >
                        check this out ($200)
                      </p>,
                      <p
                        className="subtitle"
                      >
                        every 1 weeks starting on March 18, 2282
                      </p>,
                    ],
                    "className": "left",
                  },
                  "ref": null,
                  "rendered": Array [
                    Object {
                      "instance": null,
                      "key": undefined,
                      "nodeType": "host",
                      "props": Object {
                        "children": "check this out ($200)",
                        "className": "title",
                      },
                      "ref": null,
                      "rendered": "check this out ($200)",
                      "type": "p",
                    },
                    Object {
                      "instance": null,
                      "key": undefined,
                      "nodeType": "host",
                      "props": Object {
                        "children": "every 1 weeks starting on March 18, 2282",
                        "className": "subtitle",
                      },
                      "ref": null,
                      "rendered": "every 1 weeks starting on March 18, 2282",
                      "type": "p",
                    },
                  ],
                  "type": "div",
                },
                Object {
                  "instance": null,
                  "key": undefined,
                  "nodeType": "host",
                  "props": Object {
                    "children": <Tooltip
                      arrowPointAtCenter={false}
                      autoAdjustOverflow={true}
                      data-test="delete"
                      mouseEnterDelay={0.1}
                      mouseLeaveDelay={0.1}
                      onClick={[Function]}
                      placement="left"
                      prefixCls="ant-tooltip"
                      title="delete recurring income/expense"
                      transitionName="zoom-big-fast"
                    >
                      <span>
                        x
                      </span>
                    </Tooltip>,
                    "className": "right",
                  },
                  "ref": null,
                  "rendered": Object {
                    "instance": null,
                    "key": undefined,
                    "nodeType": "class",
                    "props": Object {
                      "arrowPointAtCenter": false,
                      "autoAdjustOverflow": true,
                      "children": <span>
                        x
                      </span>,
                      "data-test": "delete",
                      "mouseEnterDelay": 0.1,
                      "mouseLeaveDelay": 0.1,
                      "onClick": [Function],
                      "placement": "left",
                      "prefixCls": "ant-tooltip",
                      "title": "delete recurring income/expense",
                      "transitionName": "zoom-big-fast",
                    },
                    "ref": null,
                    "rendered": Object {
                      "instance": null,
                      "key": undefined,
                      "nodeType": "host",
                      "props": Object {
                        "children": "x",
                      },
                      "ref": null,
                      "rendered": "x",
                      "type": "span",
                    },
                    "type": [Function],
                  },
                  "type": "div",
                },
              ],
              "type": "li",
            },
          ],
          "type": [Function],
        },
      ],
      "type": "div",
    },
  ],
  Symbol(enzyme.__options__): Object {
    "adapter": ReactSixteenAdapter {
      "options": Object {
        "enableComponentDidUpdateOnSetState": true,
      },
    },
  },
}
`;
