// Jest Snapshot v1, https://goo.gl/fbAQLP

exports[`Footer should render without crashing 1`] = `
ShallowWrapper {
  "length": 1,
  Symbol(enzyme.__root__): [Circular],
  Symbol(enzyme.__unrendered__): <Footer />,
  Symbol(enzyme.__renderer__): Object {
    "batchedUpdates": [Function],
    "getNode": [Function],
    "render": [Function],
    "simulateEvent": [Function],
    "unmount": [Function],
  },
  Symbol(enzyme.__node__): Object {
    "instance": null,
    "key": undefined,
    "nodeType": "host",
    "props": Object {
      "children": <styled.p>
        <a
          href="https://github.com/trevorlitsey/cashflow-calc"
          target="blank"
        >
          view on github
        </a>
         
      </styled.p>,
    },
    "ref": null,
    "rendered": Object {
      "instance": null,
      "key": undefined,
      "nodeType": "class",
      "props": Object {
        "children": Array [
          <a
            href="https://github.com/trevorlitsey/cashflow-calc"
            target="blank"
          >
            view on github
          </a>,
          " ",
        ],
      },
      "ref": null,
      "rendered": Array [
        Object {
          "instance": null,
          "key": undefined,
          "nodeType": "host",
          "props": Object {
            "children": "view on github",
            "href": "https://github.com/trevorlitsey/cashflow-calc",
            "target": "blank",
          },
          "ref": null,
          "rendered": "view on github",
          "type": "a",
        },
        " ",
      ],
      "type": [Function],
    },
    "type": "div",
  },
  Symbol(enzyme.__nodes__): Array [
    Object {
      "instance": null,
      "key": undefined,
      "nodeType": "host",
      "props": Object {
        "children": <styled.p>
          <a
            href="https://github.com/trevorlitsey/cashflow-calc"
            target="blank"
          >
            view on github
          </a>
           
        </styled.p>,
      },
      "ref": null,
      "rendered": Object {
        "instance": null,
        "key": undefined,
        "nodeType": "class",
        "props": Object {
          "children": Array [
            <a
              href="https://github.com/trevorlitsey/cashflow-calc"
              target="blank"
            >
              view on github
            </a>,
            " ",
          ],
        },
        "ref": null,
        "rendered": Array [
          Object {
            "instance": null,
            "key": undefined,
            "nodeType": "host",
            "props": Object {
              "children": "view on github",
              "href": "https://github.com/trevorlitsey/cashflow-calc",
              "target": "blank",
            },
            "ref": null,
            "rendered": "view on github",
            "type": "a",
          },
          " ",
        ],
        "type": [Function],
      },
      "type": "div",
    },
  ],
  Symbol(enzyme.__options__): Object {
    "adapter": ReactSixteenAdapter {
      "options": Object {
        "enableComponentDidUpdateOnSetState": true,
      },
    },
  },
}
`;
