// Jest Snapshot v1, https://goo.gl/fbAQLP

exports[`<Router /> should render 1`] = `
initialize {
  "0": Object {
    "attribs": Object {},
    "children": Array [
      Object {
        "attribs": Object {
          "href": "/",
        },
        "children": Array [
          Object {
            "attribs": Object {
              "style": "font-size:24px;padding:4px;margin-bottom:40px;border-bottom:1px solid rgba(0,0,0,.1);text-align:center",
            },
            "children": Array [
              Object {
                "data": "cashflow-calc",
                "next": null,
                "parent": [Circular],
                "prev": null,
                "type": "text",
              },
            ],
            "name": "h1",
            "namespace": "http://www.w3.org/1999/xhtml",
            "next": null,
            "parent": [Circular],
            "prev": null,
            "type": "tag",
            "x-attribsNamespace": Object {
              "style": undefined,
            },
            "x-attribsPrefix": Object {
              "style": undefined,
            },
          },
        ],
        "name": "a",
        "namespace": "http://www.w3.org/1999/xhtml",
        "next": Object {
          "attribs": Object {
            "style": "padding:10px",
          },
          "children": Array [
            Object {
              "attribs": Object {
                "class": "sc-fjdhpX ebfrBt",
              },
              "children": Array [
                Object {
                  "attribs": Object {},
                  "children": Array [
                    Object {
                      "data": "404",
                      "next": null,
                      "parent": [Circular],
                      "prev": null,
                      "type": "text",
                    },
                  ],
                  "name": "h1",
                  "namespace": "http://www.w3.org/1999/xhtml",
                  "next": Object {
                    "attribs": Object {},
                    "children": Array [
                      Object {
                        "data": "Sorry! The page you are looking for could not be found.",
                        "next": null,
                        "parent": [Circular],
                        "prev": null,
                        "type": "text",
                      },
                    ],
                    "name": "p",
                    "namespace": "http://www.w3.org/1999/xhtml",
                    "next": Object {
                      "attribs": Object {},
                      "children": Array [
                        Object {
                          "attribs": Object {
                            "href": "/",
                          },
                          "children": Array [
                            Object {
                              "data": "Go back",
                              "next": null,
                              "parent": [Circular],
                              "prev": null,
                              "type": "text",
                            },
                          ],
                          "name": "a",
                          "namespace": "http://www.w3.org/1999/xhtml",
                          "next": null,
                          "parent": [Circular],
                          "prev": null,
                          "type": "tag",
                          "x-attribsNamespace": Object {
                            "href": undefined,
                          },
                          "x-attribsPrefix": Object {
                            "href": undefined,
                          },
                        },
                      ],
                      "name": "small",
                      "namespace": "http://www.w3.org/1999/xhtml",
                      "next": null,
                      "parent": [Circular],
                      "prev": [Circular],
                      "type": "tag",
                      "x-attribsNamespace": Object {},
                      "x-attribsPrefix": Object {},
                    },
                    "parent": [Circular],
                    "prev": [Circular],
                    "type": "tag",
                    "x-attribsNamespace": Object {},
                    "x-attribsPrefix": Object {},
                  },
                  "parent": [Circular],
                  "prev": null,
                  "type": "tag",
                  "x-attribsNamespace": Object {},
                  "x-attribsPrefix": Object {},
                },
                Object {
                  "attribs": Object {},
                  "children": Array [
                    Object {
                      "data": "Sorry! The page you are looking for could not be found.",
                      "next": null,
                      "parent": [Circular],
                      "prev": null,
                      "type": "text",
                    },
                  ],
                  "name": "p",
                  "namespace": "http://www.w3.org/1999/xhtml",
                  "next": Object {
                    "attribs": Object {},
                    "children": Array [
                      Object {
                        "attribs": Object {
                          "href": "/",
                        },
                        "children": Array [
                          Object {
                            "data": "Go back",
                            "next": null,
                            "parent": [Circular],
                            "prev": null,
                            "type": "text",
                          },
                        ],
                        "name": "a",
                        "namespace": "http://www.w3.org/1999/xhtml",
                        "next": null,
                        "parent": [Circular],
                        "prev": null,
                        "type": "tag",
                        "x-attribsNamespace": Object {
                          "href": undefined,
                        },
                        "x-attribsPrefix": Object {
                          "href": undefined,
                        },
                      },
                    ],
                    "name": "small",
                    "namespace": "http://www.w3.org/1999/xhtml",
                    "next": null,
                    "parent": [Circular],
                    "prev": [Circular],
                    "type": "tag",
                    "x-attribsNamespace": Object {},
                    "x-attribsPrefix": Object {},
                  },
                  "parent": [Circular],
                  "prev": Object {
                    "attribs": Object {},
                    "children": Array [
                      Object {
                        "data": "404",
                        "next": null,
                        "parent": [Circular],
                        "prev": null,
                        "type": "text",
                      },
                    ],
                    "name": "h1",
                    "namespace": "http://www.w3.org/1999/xhtml",
                    "next": [Circular],
                    "parent": [Circular],
                    "prev": null,
                    "type": "tag",
                    "x-attribsNamespace": Object {},
                    "x-attribsPrefix": Object {},
                  },
                  "type": "tag",
                  "x-attribsNamespace": Object {},
                  "x-attribsPrefix": Object {},
                },
                Object {
                  "attribs": Object {},
                  "children": Array [
                    Object {
                      "attribs": Object {
                        "href": "/",
                      },
                      "children": Array [
                        Object {
                          "data": "Go back",
                          "next": null,
                          "parent": [Circular],
                          "prev": null,
                          "type": "text",
                        },
                      ],
                      "name": "a",
                      "namespace": "http://www.w3.org/1999/xhtml",
                      "next": null,
                      "parent": [Circular],
                      "prev": null,
                      "type": "tag",
                      "x-attribsNamespace": Object {
                        "href": undefined,
                      },
                      "x-attribsPrefix": Object {
                        "href": undefined,
                      },
                    },
                  ],
                  "name": "small",
                  "namespace": "http://www.w3.org/1999/xhtml",
                  "next": null,
                  "parent": [Circular],
                  "prev": Object {
                    "attribs": Object {},
                    "children": Array [
                      Object {
                        "data": "Sorry! The page you are looking for could not be found.",
                        "next": null,
                        "parent": [Circular],
                        "prev": null,
                        "type": "text",
                      },
                    ],
                    "name": "p",
                    "namespace": "http://www.w3.org/1999/xhtml",
                    "next": [Circular],
                    "parent": [Circular],
                    "prev": Object {
                      "attribs": Object {},
                      "children": Array [
                        Object {
                          "data": "404",
                          "next": null,
                          "parent": [Circular],
                          "prev": null,
                          "type": "text",
                        },
                      ],
                      "name": "h1",
                      "namespace": "http://www.w3.org/1999/xhtml",
                      "next": [Circular],
                      "parent": [Circular],
                      "prev": null,
                      "type": "tag",
                      "x-attribsNamespace": Object {},
                      "x-attribsPrefix": Object {},
                    },
                    "type": "tag",
                    "x-attribsNamespace": Object {},
                    "x-attribsPrefix": Object {},
                  },
                  "type": "tag",
                  "x-attribsNamespace": Object {},
                  "x-attribsPrefix": Object {},
                },
              ],
              "name": "div",
              "namespace": "http://www.w3.org/1999/xhtml",
              "next": null,
              "parent": [Circular],
              "prev": null,
              "type": "tag",
              "x-attribsNamespace": Object {
                "class": undefined,
              },
              "x-attribsPrefix": Object {
                "class": undefined,
              },
            },
          ],
          "name": "div",
          "namespace": "http://www.w3.org/1999/xhtml",
          "next": null,
          "parent": [Circular],
          "prev": [Circular],
          "type": "tag",
          "x-attribsNamespace": Object {
            "style": undefined,
          },
          "x-attribsPrefix": Object {
            "style": undefined,
          },
        },
        "parent": [Circular],
        "prev": null,
        "type": "tag",
        "x-attribsNamespace": Object {
          "href": undefined,
        },
        "x-attribsPrefix": Object {
          "href": undefined,
        },
      },
      Object {
        "attribs": Object {
          "style": "padding:10px",
        },
        "children": Array [
          Object {
            "attribs": Object {
              "class": "sc-fjdhpX ebfrBt",
            },
            "children": Array [
              Object {
                "attribs": Object {},
                "children": Array [
                  Object {
                    "data": "404",
                    "next": null,
                    "parent": [Circular],
                    "prev": null,
                    "type": "text",
                  },
                ],
                "name": "h1",
                "namespace": "http://www.w3.org/1999/xhtml",
                "next": Object {
                  "attribs": Object {},
                  "children": Array [
                    Object {
                      "data": "Sorry! The page you are looking for could not be found.",
                      "next": null,
                      "parent": [Circular],
                      "prev": null,
                      "type": "text",
                    },
                  ],
                  "name": "p",
                  "namespace": "http://www.w3.org/1999/xhtml",
                  "next": Object {
                    "attribs": Object {},
                    "children": Array [
                      Object {
                        "attribs": Object {
                          "href": "/",
                        },
                        "children": Array [
                          Object {
                            "data": "Go back",
                            "next": null,
                            "parent": [Circular],
                            "prev": null,
                            "type": "text",
                          },
                        ],
                        "name": "a",
                        "namespace": "http://www.w3.org/1999/xhtml",
                        "next": null,
                        "parent": [Circular],
                        "prev": null,
                        "type": "tag",
                        "x-attribsNamespace": Object {
                          "href": undefined,
                        },
                        "x-attribsPrefix": Object {
                          "href": undefined,
                        },
                      },
                    ],
                    "name": "small",
                    "namespace": "http://www.w3.org/1999/xhtml",
                    "next": null,
                    "parent": [Circular],
                    "prev": [Circular],
                    "type": "tag",
                    "x-attribsNamespace": Object {},
                    "x-attribsPrefix": Object {},
                  },
                  "parent": [Circular],
                  "prev": [Circular],
                  "type": "tag",
                  "x-attribsNamespace": Object {},
                  "x-attribsPrefix": Object {},
                },
                "parent": [Circular],
                "prev": null,
                "type": "tag",
                "x-attribsNamespace": Object {},
                "x-attribsPrefix": Object {},
              },
              Object {
                "attribs": Object {},
                "children": Array [
                  Object {
                    "data": "Sorry! The page you are looking for could not be found.",
                    "next": null,
                    "parent": [Circular],
                    "prev": null,
                    "type": "text",
                  },
                ],
                "name": "p",
                "namespace": "http://www.w3.org/1999/xhtml",
                "next": Object {
                  "attribs": Object {},
                  "children": Array [
                    Object {
                      "attribs": Object {
                        "href": "/",
                      },
                      "children": Array [
                        Object {
                          "data": "Go back",
                          "next": null,
                          "parent": [Circular],
                          "prev": null,
                          "type": "text",
                        },
                      ],
                      "name": "a",
                      "namespace": "http://www.w3.org/1999/xhtml",
                      "next": null,
                      "parent": [Circular],
                      "prev": null,
                      "type": "tag",
                      "x-attribsNamespace": Object {
                        "href": undefined,
                      },
                      "x-attribsPrefix": Object {
                        "href": undefined,
                      },
                    },
                  ],
                  "name": "small",
                  "namespace": "http://www.w3.org/1999/xhtml",
                  "next": null,
                  "parent": [Circular],
                  "prev": [Circular],
                  "type": "tag",
                  "x-attribsNamespace": Object {},
                  "x-attribsPrefix": Object {},
                },
                "parent": [Circular],
                "prev": Object {
                  "attribs": Object {},
                  "children": Array [
                    Object {
                      "data": "404",
                      "next": null,
                      "parent": [Circular],
                      "prev": null,
                      "type": "text",
                    },
                  ],
                  "name": "h1",
                  "namespace": "http://www.w3.org/1999/xhtml",
                  "next": [Circular],
                  "parent": [Circular],
                  "prev": null,
                  "type": "tag",
                  "x-attribsNamespace": Object {},
                  "x-attribsPrefix": Object {},
                },
                "type": "tag",
                "x-attribsNamespace": Object {},
                "x-attribsPrefix": Object {},
              },
              Object {
                "attribs": Object {},
                "children": Array [
                  Object {
                    "attribs": Object {
                      "href": "/",
                    },
                    "children": Array [
                      Object {
                        "data": "Go back",
                        "next": null,
                        "parent": [Circular],
                        "prev": null,
                        "type": "text",
                      },
                    ],
                    "name": "a",
                    "namespace": "http://www.w3.org/1999/xhtml",
                    "next": null,
                    "parent": [Circular],
                    "prev": null,
                    "type": "tag",
                    "x-attribsNamespace": Object {
                      "href": undefined,
                    },
                    "x-attribsPrefix": Object {
                      "href": undefined,
                    },
                  },
                ],
                "name": "small",
                "namespace": "http://www.w3.org/1999/xhtml",
                "next": null,
                "parent": [Circular],
                "prev": Object {
                  "attribs": Object {},
                  "children": Array [
                    Object {
                      "data": "Sorry! The page you are looking for could not be found.",
                      "next": null,
                      "parent": [Circular],
                      "prev": null,
                      "type": "text",
                    },
                  ],
                  "name": "p",
                  "namespace": "http://www.w3.org/1999/xhtml",
                  "next": [Circular],
                  "parent": [Circular],
                  "prev": Object {
                    "attribs": Object {},
                    "children": Array [
                      Object {
                        "data": "404",
                        "next": null,
                        "parent": [Circular],
                        "prev": null,
                        "type": "text",
                      },
                    ],
                    "name": "h1",
                    "namespace": "http://www.w3.org/1999/xhtml",
                    "next": [Circular],
                    "parent": [Circular],
                    "prev": null,
                    "type": "tag",
                    "x-attribsNamespace": Object {},
                    "x-attribsPrefix": Object {},
                  },
                  "type": "tag",
                  "x-attribsNamespace": Object {},
                  "x-attribsPrefix": Object {},
                },
                "type": "tag",
                "x-attribsNamespace": Object {},
                "x-attribsPrefix": Object {},
              },
            ],
            "name": "div",
            "namespace": "http://www.w3.org/1999/xhtml",
            "next": null,
            "parent": [Circular],
            "prev": null,
            "type": "tag",
            "x-attribsNamespace": Object {
              "class": undefined,
            },
            "x-attribsPrefix": Object {
              "class": undefined,
            },
          },
        ],
        "name": "div",
        "namespace": "http://www.w3.org/1999/xhtml",
        "next": null,
        "parent": [Circular],
        "prev": Object {
          "attribs": Object {
            "href": "/",
          },
          "children": Array [
            Object {
              "attribs": Object {
                "style": "font-size:24px;padding:4px;margin-bottom:40px;border-bottom:1px solid rgba(0,0,0,.1);text-align:center",
              },
              "children": Array [
                Object {
                  "data": "cashflow-calc",
                  "next": null,
                  "parent": [Circular],
                  "prev": null,
                  "type": "text",
                },
              ],
              "name": "h1",
              "namespace": "http://www.w3.org/1999/xhtml",
              "next": null,
              "parent": [Circular],
              "prev": null,
              "type": "tag",
              "x-attribsNamespace": Object {
                "style": undefined,
              },
              "x-attribsPrefix": Object {
                "style": undefined,
              },
            },
          ],
          "name": "a",
          "namespace": "http://www.w3.org/1999/xhtml",
          "next": [Circular],
          "parent": [Circular],
          "prev": null,
          "type": "tag",
          "x-attribsNamespace": Object {
            "href": undefined,
          },
          "x-attribsPrefix": Object {
            "href": undefined,
          },
        },
        "type": "tag",
        "x-attribsNamespace": Object {
          "style": undefined,
        },
        "x-attribsPrefix": Object {
          "style": undefined,
        },
      },
    ],
    "name": "div",
    "namespace": "http://www.w3.org/1999/xhtml",
    "next": null,
    "parent": null,
    "prev": null,
    "root": Object {
      "attribs": Object {},
      "children": Array [
        [Circular],
      ],
      "name": "root",
      "namespace": "http://www.w3.org/1999/xhtml",
      "next": null,
      "parent": null,
      "prev": null,
      "type": "root",
      "x-attribsNamespace": Object {},
      "x-attribsPrefix": Object {},
    },
    "type": "tag",
    "x-attribsNamespace": Object {},
    "x-attribsPrefix": Object {},
  },
  "_root": [Circular],
  "length": 1,
  "options": Object {
    "decodeEntities": true,
    "normalizeWhitespace": false,
    "withDomLvl1": true,
    "xml": false,
  },
}
`;
